// Jest Snapshot v1, https://goo.gl/fbAQLP

exports[`Testing Header component renders correctly 1`] = `
<View
  style={
    Object {
      "alignItems": "center",
      "backgroundColor": "#215897",
      "borderBottomColor": "#F8D117",
      "borderBottomWidth": 4,
      "flexDirection": "row",
      "justifyContent": "space-between",
      "paddingHorizontal": 20,
      "paddingVertical": 20,
    }
  }
>
  <View
    accessible={true}
    focusable={false}
    onClick={[Function]}
    onResponderGrant={[Function]}
    onResponderMove={[Function]}
    onResponderRelease={[Function]}
    onResponderTerminate={[Function]}
    onResponderTerminationRequest={[Function]}
    onStartShouldSetResponder={[Function]}
    style={
      Object {
        "opacity": 1,
      }
    }
  >
    <RNSVGSvgView
      align="xMidYMid"
      bbHeight="18"
      bbWidth="18"
      focusable={false}
      height="18"
      meetOrSlice={0}
      minX={0}
      minY={0}
      style={
        Array [
          Object {
            "backgroundColor": "transparent",
            "borderWidth": 0,
          },
          Object {
            "flex": 0,
            "height": 18,
            "width": 18,
          },
        ]
      }
      vbHeight={490.787}
      vbWidth={490.787}
      width="18"
    >
      <RNSVGGroup>
        <RNSVGPath
          d="M362.671,490.787c-2.831,0.005-5.548-1.115-7.552-3.115L120.452,253.006 c-4.164-4.165-4.164-10.917,0-15.083L355.119,3.256c4.093-4.237,10.845-4.354,15.083-0.262c4.237,4.093,4.354,10.845,0.262,15.083 c-0.086,0.089-0.173,0.176-0.262,0.262L143.087,245.454l227.136,227.115c4.171,4.16,4.179,10.914,0.019,15.085 C368.236,489.664,365.511,490.792,362.671,490.787z"
          fill={4294967295}
          propList={
            Array [
              "fill",
            ]
          }
        />
        <RNSVGPath
          d="M362.671,490.787c-2.831,0.005-5.548-1.115-7.552-3.115L120.452,253.006c-4.164-4.165-4.164-10.917,0-15.083L355.119,3.256 c4.093-4.237,10.845-4.354,15.083-0.262c4.237,4.093,4.354,10.845,0.262,15.083c-0.086,0.089-0.173,0.176-0.262,0.262 L143.087,245.454l227.136,227.115c4.171,4.16,4.179,10.914,0.019,15.085C368.236,489.664,365.511,490.792,362.671,490.787z"
        />
      </RNSVGGroup>
    </RNSVGSvgView>
  </View>
  <Text
    style={
      Object {
        "color": "#FFF",
        "fontSize": 18,
        "paddingRight": 20,
      }
    }
  />
  <View />
</View>
`;

exports[`renders correctly 1`] = `
<View
  style={
    Object {
      "alignItems": "center",
      "backgroundColor": "#215897",
      "borderBottomColor": "#F8D117",
      "borderBottomWidth": 4,
      "flexDirection": "row",
      "justifyContent": "space-between",
      "paddingHorizontal": 20,
      "paddingVertical": 20,
    }
  }
>
  <View
    accessible={true}
    focusable={false}
    onClick={[Function]}
    onResponderGrant={[Function]}
    onResponderMove={[Function]}
    onResponderRelease={[Function]}
    onResponderTerminate={[Function]}
    onResponderTerminationRequest={[Function]}
    onStartShouldSetResponder={[Function]}
    style={
      Object {
        "opacity": 1,
      }
    }
  >
    <RNSVGSvgView
      align="xMidYMid"
      bbHeight="18"
      bbWidth="18"
      focusable={false}
      height="18"
      meetOrSlice={0}
      minX={0}
      minY={0}
      style={
        Array [
          Object {
            "backgroundColor": "transparent",
            "borderWidth": 0,
          },
          Object {
            "flex": 0,
            "height": 18,
            "width": 18,
          },
        ]
      }
      vbHeight={490.787}
      vbWidth={490.787}
      width="18"
    >
      <RNSVGGroup>
        <RNSVGPath
          d="M362.671,490.787c-2.831,0.005-5.548-1.115-7.552-3.115L120.452,253.006 c-4.164-4.165-4.164-10.917,0-15.083L355.119,3.256c4.093-4.237,10.845-4.354,15.083-0.262c4.237,4.093,4.354,10.845,0.262,15.083 c-0.086,0.089-0.173,0.176-0.262,0.262L143.087,245.454l227.136,227.115c4.171,4.16,4.179,10.914,0.019,15.085 C368.236,489.664,365.511,490.792,362.671,490.787z"
          fill={4294967295}
          propList={
            Array [
              "fill",
            ]
          }
        />
        <RNSVGPath
          d="M362.671,490.787c-2.831,0.005-5.548-1.115-7.552-3.115L120.452,253.006c-4.164-4.165-4.164-10.917,0-15.083L355.119,3.256 c4.093-4.237,10.845-4.354,15.083-0.262c4.237,4.093,4.354,10.845,0.262,15.083c-0.086,0.089-0.173,0.176-0.262,0.262 L143.087,245.454l227.136,227.115c4.171,4.16,4.179,10.914,0.019,15.085C368.236,489.664,365.511,490.792,362.671,490.787z"
        />
      </RNSVGGroup>
    </RNSVGSvgView>
  </View>
  <Text
    style={
      Object {
        "color": "#FFF",
        "fontSize": 18,
        "paddingRight": 20,
      }
    }
  />
  <View />
</View>
`;
